------------------------------------------------------------
TimeQuest Timing Analyzer Summary
------------------------------------------------------------

Type  : Slow 1200mV 85C Model Setup 'CLK_DIV:myclock|CLK_5hz'
Slack : -2.414
TNS   : -15.192

Type  : Slow 1200mV 85C Model Setup 'CLOck_50_2'
Slack : -2.187
TNS   : -46.131

Type  : Slow 1200mV 85C Model Hold 'CLOck_50_2'
Slack : -0.033
TNS   : -0.033

Type  : Slow 1200mV 85C Model Hold 'CLK_DIV:myclock|CLK_5hz'
Slack : 0.877
TNS   : 0.000

Type  : Slow 1200mV 85C Model Minimum Pulse Width 'CLOck_50_2'
Slack : -3.000
TNS   : -27.000

Type  : Slow 1200mV 85C Model Minimum Pulse Width 'CLK_DIV:myclock|CLK_5hz'
Slack : -1.000
TNS   : -8.000

Type  : Slow 1200mV 0C Model Setup 'CLK_DIV:myclock|CLK_5hz'
Slack : -2.060
TNS   : -12.697

Type  : Slow 1200mV 0C Model Setup 'CLOck_50_2'
Slack : -1.868
TNS   : -39.423

Type  : Slow 1200mV 0C Model Hold 'CLOck_50_2'
Slack : -0.035
TNS   : -0.035

Type  : Slow 1200mV 0C Model Hold 'CLK_DIV:myclock|CLK_5hz'
Slack : 0.794
TNS   : 0.000

Type  : Slow 1200mV 0C Model Minimum Pulse Width 'CLOck_50_2'
Slack : -3.000
TNS   : -27.000

Type  : Slow 1200mV 0C Model Minimum Pulse Width 'CLK_DIV:myclock|CLK_5hz'
Slack : -1.000
TNS   : -8.000

Type  : Fast 1200mV 0C Model Setup 'CLK_DIV:myclock|CLK_5hz'
Slack : -0.878
TNS   : -4.897

Type  : Fast 1200mV 0C Model Setup 'CLOck_50_2'
Slack : -0.747
TNS   : -14.363

Type  : Fast 1200mV 0C Model Hold 'CLOck_50_2'
Slack : -0.043
TNS   : -0.043

Type  : Fast 1200mV 0C Model Hold 'CLK_DIV:myclock|CLK_5hz'
Slack : 0.466
TNS   : 0.000

Type  : Fast 1200mV 0C Model Minimum Pulse Width 'CLOck_50_2'
Slack : -3.000
TNS   : -28.407

Type  : Fast 1200mV 0C Model Minimum Pulse Width 'CLK_DIV:myclock|CLK_5hz'
Slack : -1.000
TNS   : -8.000

------------------------------------------------------------
