------------------------------------------------------------
TimeQuest Timing Analyzer Summary
------------------------------------------------------------

Type  : Slow 1200mV 85C Model Setup 'CLOCK_50'
Slack : -6.357
TNS   : -166.753

Type  : Slow 1200mV 85C Model Setup 'ps2_keyboard_to_ascii:ps2_ACCLL|ascii_new'
Slack : -0.976
TNS   : -7.493

Type  : Slow 1200mV 85C Model Setup 'ps2_keyboard_to_ascii:ps2_ACCLL|ps2_keyboard:ps2_keyboard_0|debounce:debounce_ps2_clk|result'
Slack : -0.090
TNS   : -0.229

Type  : Slow 1200mV 85C Model Hold 'CLOCK_50'
Slack : -0.189
TNS   : -0.189

Type  : Slow 1200mV 85C Model Hold 'ps2_keyboard_to_ascii:ps2_ACCLL|ascii_new'
Slack : 0.177
TNS   : 0.000

Type  : Slow 1200mV 85C Model Hold 'ps2_keyboard_to_ascii:ps2_ACCLL|ps2_keyboard:ps2_keyboard_0|debounce:debounce_ps2_clk|result'
Slack : 0.383
TNS   : 0.000

Type  : Slow 1200mV 85C Model Minimum Pulse Width 'CLOCK_50'
Slack : -3.000
TNS   : -78.000

Type  : Slow 1200mV 85C Model Minimum Pulse Width 'ps2_keyboard_to_ascii:ps2_ACCLL|ps2_keyboard:ps2_keyboard_0|debounce:debounce_ps2_clk|result'
Slack : -1.000
TNS   : -11.000

Type  : Slow 1200mV 85C Model Minimum Pulse Width 'ps2_keyboard_to_ascii:ps2_ACCLL|ascii_new'
Slack : -1.000
TNS   : -8.000

Type  : Slow 1200mV 0C Model Setup 'CLOCK_50'
Slack : -5.607
TNS   : -142.652

Type  : Slow 1200mV 0C Model Setup 'ps2_keyboard_to_ascii:ps2_ACCLL|ascii_new'
Slack : -0.815
TNS   : -6.223

Type  : Slow 1200mV 0C Model Setup 'ps2_keyboard_to_ascii:ps2_ACCLL|ps2_keyboard:ps2_keyboard_0|debounce:debounce_ps2_clk|result'
Slack : -0.108
TNS   : -0.108

Type  : Slow 1200mV 0C Model Hold 'CLOCK_50'
Slack : -0.173
TNS   : -0.173

Type  : Slow 1200mV 0C Model Hold 'ps2_keyboard_to_ascii:ps2_ACCLL|ascii_new'
Slack : 0.188
TNS   : 0.000

Type  : Slow 1200mV 0C Model Hold 'ps2_keyboard_to_ascii:ps2_ACCLL|ps2_keyboard:ps2_keyboard_0|debounce:debounce_ps2_clk|result'
Slack : 0.348
TNS   : 0.000

Type  : Slow 1200mV 0C Model Minimum Pulse Width 'CLOCK_50'
Slack : -3.000
TNS   : -78.000

Type  : Slow 1200mV 0C Model Minimum Pulse Width 'ps2_keyboard_to_ascii:ps2_ACCLL|ps2_keyboard:ps2_keyboard_0|debounce:debounce_ps2_clk|result'
Slack : -1.000
TNS   : -11.000

Type  : Slow 1200mV 0C Model Minimum Pulse Width 'ps2_keyboard_to_ascii:ps2_ACCLL|ascii_new'
Slack : -1.000
TNS   : -8.000

Type  : Fast 1200mV 0C Model Setup 'CLOCK_50'
Slack : -3.223
TNS   : -67.678

Type  : Fast 1200mV 0C Model Setup 'ps2_keyboard_to_ascii:ps2_ACCLL|ascii_new'
Slack : -0.102
TNS   : -0.714

Type  : Fast 1200mV 0C Model Setup 'ps2_keyboard_to_ascii:ps2_ACCLL|ps2_keyboard:ps2_keyboard_0|debounce:debounce_ps2_clk|result'
Slack : 0.203
TNS   : 0.000

Type  : Fast 1200mV 0C Model Hold 'CLOCK_50'
Slack : -0.226
TNS   : -0.226

Type  : Fast 1200mV 0C Model Hold 'ps2_keyboard_to_ascii:ps2_ACCLL|ascii_new'
Slack : 0.055
TNS   : 0.000

Type  : Fast 1200mV 0C Model Hold 'ps2_keyboard_to_ascii:ps2_ACCLL|ps2_keyboard:ps2_keyboard_0|debounce:debounce_ps2_clk|result'
Slack : 0.197
TNS   : 0.000

Type  : Fast 1200mV 0C Model Minimum Pulse Width 'CLOCK_50'
Slack : -3.000
TNS   : -82.628

Type  : Fast 1200mV 0C Model Minimum Pulse Width 'ps2_keyboard_to_ascii:ps2_ACCLL|ps2_keyboard:ps2_keyboard_0|debounce:debounce_ps2_clk|result'
Slack : -1.000
TNS   : -11.000

Type  : Fast 1200mV 0C Model Minimum Pulse Width 'ps2_keyboard_to_ascii:ps2_ACCLL|ascii_new'
Slack : -1.000
TNS   : -8.000

------------------------------------------------------------
